INFO: Running with entropic power schedule (0xFF, 100).
INFO: Seed: 829238140
MERGE-OUTER: 9036 files, 0 in the initial corpus, 0 processed earlier
MERGE-OUTER: attempt 1
INFO: Running with entropic power schedule (0xFF, 100).
INFO: Seed: 829274080
INFO: -max_len is not provided; libFuzzer will not generate inputs larger than 1048576 bytes
MERGE-INNER: using the control file '/tmp/libFuzzerTemp.Merge34.txt'
MERGE-INNER: 9036 total files; 0 processed earlier; will process 9036 files now
#1	pulse  exec/s: 0 rss: 32Mb
#2	pulse  exec/s: 0 rss: 32Mb
#4	pulse  exec/s: 0 rss: 32Mb
#8	pulse  exec/s: 0 rss: 32Mb
#16	pulse  exec/s: 0 rss: 32Mb
#32	pulse  exec/s: 0 rss: 32Mb
#64	pulse  exec/s: 0 rss: 32Mb
#128	pulse  exec/s: 0 rss: 32Mb
#256	pulse  exec/s: 0 rss: 32Mb
#512	pulse  exec/s: 0 rss: 32Mb
#1024	pulse  exec/s: 0 rss: 33Mb
#2048	pulse  exec/s: 0 rss: 37Mb
#4096	pulse  exec/s: 1024 rss: 47Mb
#8192	pulse  exec/s: 1024 rss: 47Mb
#9036	DONE   exec/s: 903 rss: 47Mb
MERGE-OUTER: successful in 1 attempt(s)
MERGE-OUTER: the control file has 1013426 bytes
MERGE-OUTER: consumed 0Mb (31Mb rss) to parse the control file
MERGE-OUTER: 0 new files with 0 new features added; 0 new coverage edges
